apps/web/src/App.tsx(15,3): error TS6133: 'Shield' is declared but its value is never read.
apps/web/src/App.tsx(110,21): error TS2551: Property 'pic' does not exist on type 'Project'. Did you mean 'pics'?
apps/web/src/App.tsx(110,36): error TS2551: Property 'pic' does not exist on type 'Project'. Did you mean 'pics'?
apps/web/src/App.tsx(118,42): error TS2345: Argument of type '"Medium" | "High" | "Low"' is not assignable to parameter of type 'never'.
  Type '"Medium"' is not assignable to type 'never'.
apps/web/src/App.tsx(125,40): error TS2345: Argument of type 'string' is not assignable to parameter of type 'never'.
apps/web/src/App.tsx(161,38): error TS7006: Parameter 'e' implicitly has an 'any' type.
apps/web/src/App.tsx(200,33): error TS7006: Parameter 'event' implicitly has an 'any' type.
apps/web/src/App.tsx(201,69): error TS2339: Property 'contains' does not exist on type 'never'.
apps/web/src/App.tsx(213,29): error TS7006: Parameter 'project' implicitly has an 'any' type.
apps/web/src/App.tsx(218,30): error TS7006: Parameter 'project' implicitly has an 'any' type.
apps/web/src/App.tsx(223,32): error TS7006: Parameter 'updatedProject' implicitly has an 'any' type.
apps/web/src/App.tsx(228,33): error TS7006: Parameter 'project' implicitly has an 'any' type.
apps/web/src/App.tsx(232,35): error TS7006: Parameter 'project' implicitly has an 'any' type.
apps/web/src/App.tsx(236,36): error TS7006: Parameter 'projectId' implicitly has an 'any' type.
apps/web/src/App.tsx(240,28): error TS7006: Parameter 'projectId' implicitly has an 'any' type.
apps/web/src/App.tsx(240,39): error TS7006: Parameter 'phaseId' implicitly has an 'any' type.
apps/web/src/App.tsx(240,48): error TS7006: Parameter 'updates' implicitly has an 'any' type.
apps/web/src/App.tsx(245,17): error TS2345: Argument of type 'import("D:/Code/pmo/packages/shared/src/index").Project[]' is not assignable to parameter of type 'import("D:/Code/pmo/apps/web/src/types/index").Project[]'.
  Property 'icon' is missing in type 'import("D:/Code/pmo/packages/shared/src/index").Project' but required in type 'import("D:/Code/pmo/apps/web/src/types/index").Project'.
apps/web/src/App.tsx(249,17): error TS2345: Argument of type 'import("D:/Code/pmo/packages/shared/src/index").Project[]' is not assignable to parameter of type 'import("D:/Code/pmo/apps/web/src/types/index").Project[]'.
  Property 'icon' is missing in type 'import("D:/Code/pmo/packages/shared/src/index").Project' but required in type 'import("D:/Code/pmo/apps/web/src/types/index").Project'.
apps/web/src/App.tsx(252,31): error TS7006: Parameter 'newFilters' implicitly has an 'any' type.
apps/web/src/App.tsx(257,24): error TS7006: Parameter 'email' implicitly has an 'any' type.
apps/web/src/App.tsx(257,31): error TS7006: Parameter 'password' implicitly has an 'any' type.
apps/web/src/App.tsx(259,16): error TS2339: Property 'success' does not exist on type 'Promise<{ success: boolean; user: any; error?: undefined; } | { success: boolean; error: any; user?: undefined; }>'.
apps/web/src/App.tsx(265,27): error TS7006: Parameter 'userData' implicitly has an 'any' type.
apps/web/src/App.tsx(269,33): error TS7006: Parameter 'email' implicitly has an 'any' type.
apps/web/src/App.tsx(277,32): error TS7006: Parameter 'newPassword' implicitly has an 'any' type.
apps/web/src/App.tsx(313,13): error TS2322: Type 'Role[]' is not assignable to type 'never[]'.
  Type 'Role' is not assignable to type 'never'.
apps/web/src/App.tsx(346,9): error TS2322: Type 'import("D:/Code/pmo/packages/shared/src/index").User[]' is not assignable to type 'import("D:/Code/pmo/apps/web/src/types/index").User[]'.
  Type 'import("D:/Code/pmo/packages/shared/src/index").User' is not assignable to type 'import("D:/Code/pmo/apps/web/src/types/index").User'.
    Types of property 'avatar' are incompatible.
      Type 'string | undefined' is not assignable to type 'string'.
        Type 'undefined' is not assignable to type 'string'.
apps/web/src/App.tsx(563,11): error TS2322: Type 'import("D:/Code/pmo/packages/shared/src/index").Project[]' is not assignable to type 'import("D:/Code/pmo/apps/web/src/types/index").Project[]'.
  Property 'icon' is missing in type 'import("D:/Code/pmo/packages/shared/src/index").Project' but required in type 'import("D:/Code/pmo/apps/web/src/types/index").Project'.
apps/web/src/App.tsx(565,11): error TS2322: Type 'Dispatch<SetStateAction<null>>' is not assignable to type '(project: Project) => void'.
  Types of parameters 'value' and 'project' are incompatible.
    Type 'Project' is not assignable to type 'SetStateAction<null>'.
      Type 'Project' provides no match for the signature '(prevState: null): null'.
apps/web/src/App.tsx(577,11): error TS2322: Type 'import("D:/Code/pmo/packages/shared/src/index").Project[]' is not assignable to type 'import("D:/Code/pmo/apps/web/src/types/index").Project[]'.
  Property 'icon' is missing in type 'import("D:/Code/pmo/packages/shared/src/index").Project' but required in type 'import("D:/Code/pmo/apps/web/src/types/index").Project'.
apps/web/src/App.tsx(578,11): error TS2322: Type 'Dispatch<SetStateAction<null>>' is not assignable to type '(data: { project: Project; phase: Phase; info: any; }) => void'.
  Types of parameters 'value' and 'data' are incompatible.
    Type '{ project: Project; phase: Phase; info: any; }' is not assignable to type 'SetStateAction<null>'.
      Type '{ project: Project; phase: Phase; info: any; }' provides no match for the signature '(prevState: null): null'.
apps/web/src/App.tsx(591,11): error TS2322: Type 'import("D:/Code/pmo/packages/shared/src/index").Project[]' is not assignable to type 'import("D:/Code/pmo/apps/web/src/types/index").Project[]'.
  Property 'icon' is missing in type 'import("D:/Code/pmo/packages/shared/src/index").Project' but required in type 'import("D:/Code/pmo/apps/web/src/types/index").Project'.
apps/web/src/App.tsx(598,11): error TS2322: Type 'import("D:/Code/pmo/packages/shared/src/index").Message[]' is not assignable to type 'import("D:/Code/pmo/apps/web/src/types/index").Message[]'.
  Type 'Message' is missing the following properties from type 'Message': from, subject, body, timestamp, preview
apps/web/src/App.tsx(633,9): error TS2322: Type 'import("D:/Code/pmo/packages/shared/src/index").Project[]' is not assignable to type 'import("D:/Code/pmo/apps/web/src/types/index").Project[]'.
  Property 'icon' is missing in type 'import("D:/Code/pmo/packages/shared/src/index").Project' but required in type 'import("D:/Code/pmo/apps/web/src/types/index").Project'.
apps/web/src/App.tsx(638,8): error TS2741: Property 'onSave' is missing in type '{ isOpen: boolean; onClose: () => void; }' but required in type '{ isOpen: any; onClose: any; onSave: any; }'.
apps/web/src/App.tsx(646,9): error TS2322: Type 'import("D:/Code/pmo/packages/shared/src/index").Project[]' is not assignable to type 'import("D:/Code/pmo/apps/web/src/types/index").Project[]'.
  Property 'icon' is missing in type 'import("D:/Code/pmo/packages/shared/src/index").Project' but required in type 'import("D:/Code/pmo/apps/web/src/types/index").Project'.
apps/web/src/components/modals/DailyOverviewModal.tsx(168,131): error TS2345: Argument of type 'string | undefined' is not assignable to parameter of type 'string'.
  Type 'undefined' is not assignable to type 'string'.
apps/web/src/components/modals/EditProjectModal.tsx(8,24): error TS6133: 'Phase' is declared but its value is never read.
apps/web/src/components/modals/EditProjectModal.tsx(69,33): error TS18048: 'project.pics.length' is possibly 'undefined'.
apps/web/src/components/modals/EditProjectModal.tsx(70,19): error TS18048: 'project.pics' is possibly 'undefined'.
apps/web/src/components/modals/SettingsModal.tsx(30,26): error TS7031: Binding element 'isOpen' implicitly has an 'any' type.
apps/web/src/components/modals/SettingsModal.tsx(30,34): error TS7031: Binding element 'onClose' implicitly has an 'any' type.
apps/web/src/components/modals/SettingsModal.tsx(30,43): error TS7031: Binding element 'onSave' implicitly has an 'any' type.
apps/web/src/components/modals/SettingsModal.tsx(49,63): error TS2304: Cannot find name 'DEFAULT_PIC_ROLES'.
apps/web/src/components/modals/SettingsModal.tsx(58,32): error TS7006: Parameter 'e' implicitly has an 'any' type.
apps/web/src/components/modals/SettingsModal.tsx(68,50): error TS2345: Argument of type 'string' is not assignable to parameter of type 'never'.
apps/web/src/components/modals/SettingsModal.tsx(69,26): error TS2322: Type 'string' is not assignable to type 'never'.
apps/web/src/components/modals/SettingsModal.tsx(69,39): error TS2322: Type 'string' is not assignable to type 'never'.
apps/web/src/components/modals/SettingsModal.tsx(74,31): error TS7006: Parameter 'role' implicitly has an 'any' type.
apps/web/src/components/modals/SettingsModal.tsx(81,37): error TS2339: Property 'id' does not exist on type 'never'.
apps/web/src/components/modals/SettingsModal.tsx(82,28): error TS2322: Type '{ id: string; label: string; color: string; }' is not assignable to type 'never'.
apps/web/src/components/modals/SettingsModal.tsx(82,39): error TS2322: Type '{ id: string; label: string; color: string; }' is not assignable to type 'never'.
apps/web/src/components/modals/SettingsModal.tsx(88,32): error TS7006: Parameter 'phaseId' implicitly has an 'any' type.
apps/web/src/components/modals/SettingsModal.tsx(89,40): error TS2339: Property 'id' does not exist on type 'never'.
apps/web/src/components/modals/SettingsModal.tsx(95,39): error TS2339: Property 'id' does not exist on type 'never'.
apps/web/src/components/modals/SettingsModal.tsx(96,30): error TS2322: Type '{ id: string; label: string; color: string; }' is not assignable to type 'never'.
apps/web/src/components/modals/SettingsModal.tsx(96,43): error TS2322: Type '{ id: string; label: string; color: string; }' is not assignable to type 'never'.
apps/web/src/components/modals/SettingsModal.tsx(102,33): error TS7006: Parameter 'statusId' implicitly has an 'any' type.
apps/web/src/components/modals/SettingsModal.tsx(103,44): error TS2339: Property 'id' does not exist on type 'never'.
apps/web/src/components/modals/SettingsModal.tsx(109,41): error TS2339: Property 'id' does not exist on type 'never'.
apps/web/src/components/modals/SettingsModal.tsx(110,32): error TS2322: Type '{ id: string; label: string; color: string; }' is not assignable to type 'never'.
apps/web/src/components/modals/SettingsModal.tsx(110,47): error TS2322: Type '{ id: string; label: string; color: string; }' is not assignable to type 'never'.
apps/web/src/components/modals/SettingsModal.tsx(116,35): error TS7006: Parameter 'priorityId' implicitly has an 'any' type.
apps/web/src/components/modals/SettingsModal.tsx(117,48): error TS2339: Property 'id' does not exist on type 'never'.
apps/web/src/components/modals/SettingsModal.tsx(272,52): error TS2339: Property 'id' does not exist on type 'never'.
apps/web/src/components/modals/SettingsModal.tsx(278,93): error TS2339: Property 'color' does not exist on type 'never'.
apps/web/src/components/modals/SettingsModal.tsx(280,89): error TS2339: Property 'label' does not exist on type 'never'.
apps/web/src/components/modals/SettingsModal.tsx(283,84): error TS2339: Property 'id' does not exist on type 'never'.
apps/web/src/components/modals/SettingsModal.tsx(327,53): error TS2339: Property 'id' does not exist on type 'never'.
apps/web/src/components/modals/SettingsModal.tsx(333,94): error TS2339: Property 'color' does not exist on type 'never'.
apps/web/src/components/modals/SettingsModal.tsx(335,90): error TS2339: Property 'label' does not exist on type 'never'.
apps/web/src/components/modals/SettingsModal.tsx(338,86): error TS2339: Property 'id' does not exist on type 'never'.
apps/web/src/components/modals/SettingsModal.tsx(382,55): error TS2339: Property 'id' does not exist on type 'never'.
apps/web/src/components/modals/SettingsModal.tsx(388,96): error TS2339: Property 'color' does not exist on type 'never'.
apps/web/src/components/modals/SettingsModal.tsx(390,92): error TS2339: Property 'label' does not exist on type 'never'.
apps/web/src/components/modals/SettingsModal.tsx(393,90): error TS2339: Property 'id' does not exist on type 'never'.
apps/web/src/components/modals/SettingsModal.tsx(426,22): error TS7006: Parameter 'colorName' implicitly has an 'any' type.
apps/web/src/components/modals/SettingsModal.tsx(440,12): error TS7053: Element implicitly has an 'any' type because expression of type 'any' can't be used to index type '{ emerald: string; blue: string; indigo: string; amber: string; rose: string; purple: string; cyan: string; pink: string; teal: string; orange: string; slate: string; }'.
apps/web/src/components/modals/ValidationModal.tsx(5,5): error TS7031: Binding element 'isOpen' implicitly has an 'any' type.
apps/web/src/components/modals/ValidationModal.tsx(6,5): error TS7031: Binding element 'onClose' implicitly has an 'any' type.
apps/web/src/components/modals/ValidationModal.tsx(10,32): error TS7006: Parameter 'e' implicitly has an 'any' type.
apps/web/src/hooks/useAuth.ts(19,24): error TS6133: 'setResetToken' is declared but its value is never read.
apps/web/src/hooks/useAuth.ts(78,38): error TS7006: Parameter 'email' implicitly has an 'any' type.
apps/web/src/hooks/useAuth.ts(78,45): error TS7006: Parameter 'password' implicitly has an 'any' type.
apps/web/src/hooks/useAuth.ts(85,54): error TS2339: Property 'error' does not exist on type '{ success: boolean; user: any; token: string; }'.
apps/web/src/hooks/useAuth.ts(99,41): error TS7006: Parameter 'userData' implicitly has an 'any' type.
apps/web/src/hooks/useAuth.ts(105,54): error TS2339: Property 'error' does not exist on type '{ success: boolean; user: any; message: string; }'.
apps/web/src/hooks/useAuth.ts(112,49): error TS7006: Parameter 'userId' implicitly has an 'any' type.
apps/web/src/hooks/useAuth.ts(112,57): error TS7006: Parameter 'newStatus' implicitly has an 'any' type.
apps/web/src/hooks/useAuth.ts(125,43): error TS7006: Parameter 'userId' implicitly has an 'any' type.
apps/web/src/hooks/useAuth.ts(137,43): error TS7006: Parameter 'roleId' implicitly has an 'any' type.
apps/web/src/hooks/useAuth.ts(142,34): error TS7006: Parameter 'roleData' implicitly has an 'any' type.
apps/web/src/hooks/useAuth.ts(149,37): error TS7006: Parameter 'roleId' implicitly has an 'any' type.
apps/web/src/hooks/useAuth.ts(154,47): error TS6133: 'email' is declared but its value is never read.
apps/web/src/hooks/useAuth.ts(154,47): error TS7006: Parameter 'email' implicitly has an 'any' type.
apps/web/src/hooks/useAuth.ts(159,40): error TS6133: 'newPassword' is declared but its value is never read.
apps/web/src/hooks/useAuth.ts(159,40): error TS7006: Parameter 'newPassword' implicitly has an 'any' type.
apps/web/src/hooks/useAuth.ts(164,41): error TS6133: 'currentPassword' is declared but its value is never read.
apps/web/src/hooks/useAuth.ts(164,41): error TS7006: Parameter 'currentPassword' implicitly has an 'any' type.
apps/web/src/hooks/useAuth.ts(164,58): error TS6133: 'newPassword' is declared but its value is never read.
apps/web/src/hooks/useAuth.ts(164,58): error TS7006: Parameter 'newPassword' implicitly has an 'any' type.
apps/web/src/main.tsx(6,12): error TS2345: Argument of type 'HTMLElement | null' is not assignable to parameter of type 'Container'.
  Type 'null' is not assignable to type 'Container'.
apps/web/src/pages/ForgotPasswordPage.tsx(10,31): error TS7031: Binding element 'onSubmit' implicitly has an 'any' type.
apps/web/src/pages/ForgotPasswordPage.tsx(10,41): error TS7031: Binding element 'onBack' implicitly has an 'any' type.
apps/web/src/pages/ForgotPasswordPage.tsx(15,33): error TS7006: Parameter 'e' implicitly has an 'any' type.
apps/web/src/pages/ForgotPasswordPage.tsx(42,25): error TS7006: Parameter 'hasError' implicitly has an 'any' type.
apps/web/src/pages/LoginPage.tsx(4,5): error TS6133: 'Mail' is declared but its value is never read.
apps/web/src/pages/LoginPage.tsx(13,22): error TS7031: Binding element 'onLogin' implicitly has an 'any' type.
apps/web/src/pages/LoginPage.tsx(13,31): error TS7031: Binding element 'onForgotPassword' implicitly has an 'any' type.
apps/web/src/pages/LoginPage.tsx(13,49): error TS7031: Binding element 'onRegister' implicitly has an 'any' type.
apps/web/src/pages/LoginPage.tsx(22,33): error TS7006: Parameter 'e' implicitly has an 'any' type.
apps/web/src/pages/LoginPage.tsx(47,25): error TS7006: Parameter 'hasError' implicitly has an 'any' type.
apps/web/src/pages/RegisterPage.tsx(16,25): error TS7031: Binding element 'onRegister' implicitly has an 'any' type.
apps/web/src/pages/RegisterPage.tsx(16,37): error TS7031: Binding element 'onBack' implicitly has an 'any' type.
apps/web/src/pages/RegisterPage.tsx(24,43): error TS2339: Property 'value' does not exist on type 'never'.
apps/web/src/pages/RegisterPage.tsx(34,23): error TS2339: Property 'username' does not exist on type '{}'.
apps/web/src/pages/RegisterPage.tsx(36,23): error TS2339: Property 'username' does not exist on type '{}'.
apps/web/src/pages/RegisterPage.tsx(40,23): error TS2339: Property 'email' does not exist on type '{}'.
apps/web/src/pages/RegisterPage.tsx(42,23): error TS2339: Property 'email' does not exist on type '{}'.
apps/web/src/pages/RegisterPage.tsx(46,23): error TS2339: Property 'password' does not exist on type '{}'.
apps/web/src/pages/RegisterPage.tsx(48,23): error TS2339: Property 'password' does not exist on type '{}'.
apps/web/src/pages/RegisterPage.tsx(52,23): error TS2339: Property 'confirmPassword' does not exist on type '{}'.
apps/web/src/pages/RegisterPage.tsx(59,33): error TS7006: Parameter 'e' implicitly has an 'any' type.
apps/web/src/pages/RegisterPage.tsx(84,25): error TS7006: Parameter 'hasError' implicitly has an 'any' type.
apps/web/src/pages/RegisterPage.tsx(138,29): error TS2339: Property 'general' does not exist on type '{}'.
apps/web/src/pages/RegisterPage.tsx(141,43): error TS2339: Property 'general' does not exist on type '{}'.
apps/web/src/pages/RegisterPage.tsx(157,62): error TS2339: Property 'username' does not exist on type '{}'.
apps/web/src/pages/RegisterPage.tsx(162,33): error TS2339: Property 'username' does not exist on type '{}'.
apps/web/src/pages/RegisterPage.tsx(164,73): error TS2339: Property 'username' does not exist on type '{}'.
apps/web/src/pages/RegisterPage.tsx(181,62): error TS2339: Property 'email' does not exist on type '{}'.
apps/web/src/pages/RegisterPage.tsx(186,33): error TS2339: Property 'email' does not exist on type '{}'.
apps/web/src/pages/RegisterPage.tsx(188,73): error TS2339: Property 'email' does not exist on type '{}'.
apps/web/src/pages/RegisterPage.tsx(208,55): error TS2339: Property 'value' does not exist on type 'never'.
apps/web/src/pages/RegisterPage.tsx(208,74): error TS2339: Property 'value' does not exist on type 'never'.
apps/web/src/pages/RegisterPage.tsx(209,47): error TS2339: Property 'label' does not exist on type 'never'.
apps/web/src/pages/RegisterPage.tsx(233,62): error TS2339: Property 'password' does not exist on type '{}'.
apps/web/src/pages/RegisterPage.tsx(245,33): error TS2339: Property 'password' does not exist on type '{}'.
apps/web/src/pages/RegisterPage.tsx(247,73): error TS2339: Property 'password' does not exist on type '{}'.
apps/web/src/pages/RegisterPage.tsx(264,62): error TS2339: Property 'confirmPassword' does not exist on type '{}'.
apps/web/src/pages/RegisterPage.tsx(276,33): error TS2339: Property 'confirmPassword' does not exist on type '{}'.
apps/web/src/pages/RegisterPage.tsx(278,73): error TS2339: Property 'confirmPassword' does not exist on type '{}'.
apps/web/src/pages/ResetPasswordPage.tsx(13,30): error TS7031: Binding element 'email' implicitly has an 'any' type.
apps/web/src/pages/ResetPasswordPage.tsx(13,37): error TS7031: Binding element 'onSubmit' implicitly has an 'any' type.
apps/web/src/pages/ResetPasswordPage.tsx(13,47): error TS7031: Binding element 'onBack' implicitly has an 'any' type.
apps/web/src/pages/ResetPasswordPage.tsx(28,23): error TS2339: Property 'password' does not exist on type '{}'.
apps/web/src/pages/ResetPasswordPage.tsx(30,23): error TS2339: Property 'password' does not exist on type '{}'.
apps/web/src/pages/ResetPasswordPage.tsx(34,23): error TS2339: Property 'confirmPassword' does not exist on type '{}'.
apps/web/src/pages/ResetPasswordPage.tsx(41,33): error TS7006: Parameter 'e' implicitly has an 'any' type.
apps/web/src/pages/ResetPasswordPage.tsx(60,25): error TS7006: Parameter 'hasError' implicitly has an 'any' type.
apps/web/src/pages/ResetPasswordPage.tsx(115,29): error TS2339: Property 'general' does not exist on type '{}'.
apps/web/src/pages/ResetPasswordPage.tsx(118,43): error TS2339: Property 'general' does not exist on type '{}'.
apps/web/src/pages/ResetPasswordPage.tsx(134,62): error TS2339: Property 'password' does not exist on type '{}'.
apps/web/src/pages/ResetPasswordPage.tsx(146,33): error TS2339: Property 'password' does not exist on type '{}'.
apps/web/src/pages/ResetPasswordPage.tsx(148,73): error TS2339: Property 'password' does not exist on type '{}'.
apps/web/src/pages/ResetPasswordPage.tsx(165,62): error TS2339: Property 'confirmPassword' does not exist on type '{}'.
apps/web/src/pages/ResetPasswordPage.tsx(177,33): error TS2339: Property 'confirmPassword' does not exist on type '{}'.
apps/web/src/pages/ResetPasswordPage.tsx(179,73): error TS2339: Property 'confirmPassword' does not exist on type '{}'.
apps/web/src/types/index.ts(1,1): error TS6133: 'LucideIcon' is declared but its value is never read.
apps/web/src/utils/dateUtils.ts(1,47): error TS6133: 'WEEK_WIDTH' is declared but its value is never read.
apps/web/src/utils/dateUtils.ts(7,80): error TS2363: The right-hand side of an arithmetic operation must be of type 'any', 'number', 'bigint' or an enum type.
